26
 energy: -39.914341658108 gnorm: 0.002666678386 xtb: 6.7.1pre (5071a88)
C            0.02090343110000       -1.84154421870000        0.00000000030000
C            1.21388168460000       -1.13661122340000       -0.00000000020000
C            1.21147585990000        0.24419588420000        0.00000000000000
C            0.00338262690000        0.93458223800000        0.00000000020000
C           -1.19319960370000        0.22872671380000       -0.00000000010000
C           -1.17984537660000       -1.15480701770000       -0.00000000010000
H            0.02776694490000       -2.92077996080000        0.00000000030000
H            2.15446140940000       -1.66679060220000       -0.00000000020000
H            2.13011609160000        0.80879399820000       -0.00000000010000
H           -2.13355514060000        0.76501784300000       -0.00000000030000
H           -2.11470995530000       -1.69553917470000       -0.00000000010000
O            0.03929287300000        2.29562742300000        0.00000000020000
H           -0.85967084510000        2.64538309730000        0.00000000010000
C            0.02090343110000       -1.84154421870000        3.40000000030000
C            1.21388168460000       -1.13661122340000        3.39999999980000
C            1.21147585990000        0.24419588420000        3.40000000000000
C            0.00338262690000        0.93458223800000        3.40000000020000
C           -1.19319960370000        0.22872671380000        3.39999999990000
C           -1.17984537660000       -1.15480701770000        3.39999999990000
H            0.02776694490000       -2.92077996080000        3.40000000030000
H            2.15446140940000       -1.66679060220000        3.39999999980000
H            2.13011609160000        0.80879399820000        3.39999999990000
H           -2.13355514060000        0.76501784300000        3.39999999970000
H           -2.11470995530000       -1.69553917470000        3.39999999990000
O            0.03929287300000        2.29562742300000        3.40000000020000
H           -0.85967084510000        2.64538309730000        3.40000000010000
26
 energy: -39.914360117579 gnorm: 0.000923931370 xtb: 6.7.1pre (5071a88)
C            0.02079085500950       -1.84097743560096       -0.00099798700759
C            1.21330904630010       -1.13613142080028       -0.00059240799542
C            1.21128784996744        0.24410863136435       -0.00261007784288
C            0.00372731617237        0.93417138509732       -0.00576562763056
C           -1.19255134053521        0.22840596746682       -0.00475671878073
C           -1.17946954368563       -1.15464267509431       -0.00223899185644
H            0.02757516791222       -2.92013042750023        0.00457716948696
H            2.15377080088726       -1.66635962678567        0.00543760440469
H            2.12956417823484        0.80893129967180        0.00365923417430
H           -2.13327252282591        0.76471435084177       -0.00668542046358
H           -2.11437509714822       -1.69528976262696        0.00157617663306
O            0.03937869742007        2.29472605085127       -0.01026443859254
H           -0.85943540149077        2.64472856229530       -0.01054060945840
C            0.02079085501714       -1.84097741974675        3.40099787285688
C            1.21330904404647       -1.13613140568299        3.40059236580322
C            1.21128784573596        0.24410864876692        3.40261011269683
C            0.00372731564889        0.93417140492488        3.40576568578353
C           -1.19255133680709        0.22840598439612        3.40475675477646
C           -1.17946954147828       -1.15464266014603        3.40223896138484
H            0.02757516793080       -2.92013041543985        3.39542277454588
H            2.15377079773411       -1.66635961412793        3.39456235310590
H            2.12956417629647        0.80893131178916        3.39634080043291
H           -2.13327252186274        0.76471436148169        3.40668544997819
H           -2.11437509418407       -1.69528974984860        3.39842379570444
O            0.03937869365589        2.29472607613674        3.41026450192745
H           -0.85943540775159        2.64472857831641        3.41054066593263
26
 energy: -39.914373630427 gnorm: 0.000816581959 xtb: 6.7.1pre (5071a88)
C            0.02072150465042       -1.84068749911103       -0.00135851039192
C            1.21291790583388       -1.13583248951179       -0.00013905860749
C            1.21126712801702        0.24405730946084       -0.00506476035064
C            0.00403410181620        0.93396753257089       -0.01106346271503
C           -1.19203373298650        0.22815188429090       -0.00959806098548
C           -1.17927820688800       -1.15460398097348       -0.00404427319944
H            0.02748560923407       -2.91977447541730        0.00205825358300
H            2.15327566912544       -1.66616171873647        0.00389892208846
H            2.12915164642836        0.80923418319331       -0.00036542070678
H           -2.13305352346826        0.76452345468909       -0.01234071398822
H           -2.11427488161903       -1.69509819013396       -0.00180569842899
O            0.03935858225946        2.29404534293372       -0.02121390853806
H           -0.85927180903349        2.64443323203955       -0.02167364529111
C            0.02072150900961       -1.84068743352300        3.40135840114989
C            1.21291790590913       -1.13583242461659        3.40013898285791
C            1.21126712308119        0.24405737837765        3.40506477686460
C            0.00403410338909        0.93396760440546        3.41106354882053
C           -1.19203372311611        0.22815195036544        3.40959804792200
C           -1.17927819944069       -1.15460391827321        3.40404414158988
H            0.02748561438623       -2.91977441717474        3.39794134670399
H            2.15327566803529       -1.66616165703972        3.39610095889094
H            2.12915164750496        0.80923424013269        3.40036554863676
H           -2.13305352107003        0.76452350549092        3.41234082838666
H           -2.11427487265703       -1.69509813120418        3.40180552000786
O            0.03935857498828        2.29404542595684        3.42121426870347
H           -0.85927182318949        2.64443329180819        3.42167396699724
26
 energy: -39.914384350796 gnorm: 0.000660468059 xtb: 6.7.1pre (5071a88)
C            0.02074008574016       -1.84090006640480       -0.00305598990436
C            1.21297933870066       -1.13592944362197       -0.00193523338296
C            1.21144448815298        0.24407337651704       -0.00902310492891
C            0.00407427261274        0.93413363279466       -0.01739836318972
C           -1.19201621512074        0.22812280141331       -0.01498852753433
C           -1.17944115816353       -1.15473696307250       -0.00716667232253
H            0.02759500676487       -2.92001946289665        0.00086906360144
H            2.15335000899340       -1.66637710638093        0.00350582780388
H            2.12920193850606        0.80955424257356       -0.00646015129574
H           -2.13301896674361        0.76457263100801       -0.01918225686290
H           -2.11453931363722       -1.69508802920685       -0.00554183025293
O            0.03921998209758        2.29405332827457       -0.03266891216853
H           -0.85928949682855        2.64479513398363       -0.03406973222328
C            0.02074009647427       -1.84089992072344        3.40305560345224
C            1.21297934434997       -1.13592929668092        3.40193501900229
C            1.21144448636386        0.24407352732580        3.40902319180266
C            0.00407427733388        0.93413378381167        3.41739864025885
C           -1.19201620098973        0.22812294577860        3.41498856964325
C           -1.17944114567483       -1.15473682188342        3.40716635758048
H            0.02759501957242       -2.92001932274643        3.39913016699545
H            2.15335001404065       -1.66637696022849        3.39649392621860
H            2.12920194661806        0.80955437720648        3.40646041810290
H           -2.13301896444102        0.76457275290544        3.41918245682496
H           -2.11453929915170       -1.69508789147755        3.40554139661544
O            0.03921997245881        2.29405349071983        3.43266969497183
H           -0.85928951782946        2.64479526101136        3.43407044119200
26
 energy: -39.914393372169 gnorm: 0.000464010162 xtb: 6.7.1pre (5071a88)
C            0.02075495832284       -1.84100664977235       -0.00471641086837
C            1.21306456907969       -1.13600427091467       -0.00441774048196
C            1.21146429700643        0.24406980612376       -0.01480094277432
C            0.00396528269509        0.93419911635799       -0.02546038583381
C           -1.19216237203598        0.22813037886310       -0.02145297615460
C           -1.17953827353909       -1.15479590157294       -0.01113430596233
H            0.02770310762288       -2.92013494914673        0.00139356794649
H            2.15344296458071       -1.66644423491320        0.00310593919903
H            2.12930432402763        0.80955094986811       -0.01328795543880
H           -2.13300484967440        0.76460054515378       -0.02718955197627
H           -2.11462489509143       -1.69512494959755       -0.00883925409997
O            0.03920720676279        2.29417178040827       -0.04364142698886
H           -0.85927638143840        2.64504167811588       -0.04688476937919
C            0.02075497864839       -1.84100638075969        3.40471568018570
C            1.21306458325507       -1.13600399686620        3.40441736696965
C            1.21146430111394        0.24407008094825        3.41480115355470
C            0.00396529073869        0.93419938294398        3.42546089085521
C           -1.19216235428032        0.22813063963573        3.42145305724985
C           -1.17953825374679       -1.15479564043784        3.41113374684802
H            0.02770313227189       -2.92013468346568        3.39860509699949
H            2.15344298034674       -1.66644395736994        3.39689351454627
H            2.12930433705657        0.80955120992413        3.41328848817135
H           -2.13300484551223        0.76460077997165        3.42718990209405
H           -2.11462487253681       -1.69512469219161        3.40883839879014
O            0.03920719351185        2.29417205151894        3.44364282139599
H           -0.85927640898576        2.64504190717485        3.44688609515269
26
 energy: -39.914399896793 gnorm: 0.000209685527 xtb: 6.7.1pre (5071a88)
C            0.02074570432002       -1.84095461301036       -0.00635142088627
C            1.21310149170958       -1.13597869129855       -0.00764837147622
C            1.21138501891908        0.24408485301108       -0.02125254939530
C            0.00387790450545        0.93413139503030       -0.03368750590354
C           -1.19228601016148        0.22816470928588       -0.02878069138226
C           -1.17952005684746       -1.15476018382809       -0.01501014886975
H            0.02769403719785       -2.92006692188625        0.00322950362942
H            2.15348953525299       -1.66632534047135        0.00209139380892
H            2.12934913702007        0.80937724068421       -0.02109966398846
H           -2.13306284638734        0.76462447157830       -0.03698068061160
H           -2.11455949048443       -1.69517460515160       -0.01184846094284
O            0.03931244914498        2.29420814751656       -0.05495167797334
H           -0.85922698115690        2.64492175651715       -0.06124509937207
C            0.02074573670088       -1.84095417322543        3.40635011143645
C            1.21310151495145       -1.13597824299015        3.40764769855000
C            1.21138502957053        0.24408529773156        3.42125295964695
C            0.00387791593143        0.93413182493495        3.43368844569826
C           -1.19228598784129        0.22816513058066        3.42878090627023
C           -1.17952002693914       -1.15475975822743        3.41500923347418
H            0.02769407734658       -2.92006648043695        3.39676837356599
H            2.15348956086845       -1.66632488267348        3.39790768828090
H            2.12934915330412        0.80937767567529        3.42110058825675
H           -2.13306283753439        0.76462486498426        3.43698121505278
H           -2.11455945569105       -1.69517418548592        3.41184705807143
O            0.03931243553741        2.29420857125418        3.45495384097537
H           -0.85922700903742        2.64492213990120        3.46124725408422
26
 energy: -39.914402395892 gnorm: 0.000144410252 xtb: 6.7.1pre (5071a88)
C            0.02074290684859       -1.84090240380287       -0.00644095493956
C            1.21314472024742       -1.13597165201329       -0.00896357369697
C            1.21137380461275        0.24410209571390       -0.02540376613469
C            0.00385706680093        0.93410182698374       -0.03956566977750
C           -1.19234768222185        0.22821862341153       -0.03371413716480
C           -1.17951312571244       -1.15469725570496       -0.01714956008701
H            0.02763122768033       -2.91998779543234        0.00526753261314
H            2.15354235213692       -1.66626258665644        0.00127382829839
H            2.12942195351343        0.80926867699429       -0.02596814612523
H           -2.13311412973711        0.76462888029748       -0.04359265024364
H           -2.11453198165409       -1.69516729331907       -0.01317531737867
O            0.03935446812876        2.29422802944483       -0.06258650622276
H           -0.85926172308933        2.64469209426678       -0.07115306210806
C            0.02074294734401       -1.84090180495127        3.40643924871296
C            1.21314475048509       -1.13597104456639        3.40896275316117
C            1.21137381952628        0.24410269073992        3.42540436057469
C            0.00385708073312        0.93410240048928        3.43956684987183
C           -1.19234765615618        0.22821918786759        3.43371439595796
C           -1.17951308891275       -1.15469667800923        3.41714836960470
H            0.02763127850331       -2.91998719034893        3.39472952203657
H            2.15354238715701       -1.66626196454211        3.39872485146200
H            2.12942197118583        0.80926926568474        3.42596944896458
H           -2.13311411794683        0.76462941398118        3.44359341704171
H           -2.11453193872549       -1.69516672177741        3.41317340900408
O            0.03935445670789        2.29422858875934        3.46258934245244
H           -0.85926174725562        2.64469261648973        3.47115601412289
